{
  "Kind": "document",
  "Content": "",
  "Indent": 0,
  "Children": [
    {
      "Kind": "task",
      "Content": "A",
      "Indent": 0,
      "Children": [
        {
          "Kind": "task",
          "Content": "B",
          "Indent": 1,
          "Children": null
        },
        {
          "Kind": "task",
          "Content": "C",
          "Indent": 0,
          "Children": null
        }
      ]
    }
  ]
}