- A
	- B
	- C
		- D
			- E
		- F
- G
- H
---
{
  "Kind": "document",
  "Children": [
    {
      "Kind": "task",
      "Content": "A",
      "Children": [
        {
          "Kind": "task",
          "Content": "B"
        },
        {
          "Kind": "task",
          "Content": "C",
          "Children": [
            {
              "Kind": "task",
              "Content": "D",
              "Children": [
                {
                  "Kind": "task",
                  "Content": "E"
                }
              ]
            },
            {
              "Kind": "task",
              "Content": "F"
            }
          ]
        }
      ]
    },
    {
      "Kind": "task",
      "Content": "G"
    },
    {
      "Kind": "task",
      "Content": "H"
    }
  ]
}